⚠ Warning: Next.js inferred your workspace root, but it may not be correct.
 We detected multiple lockfiles and selected the directory of C:\Users\anshk\package-lock.json as the root directory.
 To silence this warning, set `turbopack.root` in your Next.js config, or consider removing one of the lockfiles if it's not needed.
   See https://nextjs.org/docs/app/api-reference/config/next-config-js/turbopack#root-directory for more information.
 Detected additional lockfiles: 
   * C:\Users\anshk\OneDrive\Desktop\portfolio\package-lock.json

⨯ ./OneDrive/Desktop/portfolio/components/sections/the-future-arrives-soon-cta.tsx:140:5
Expression expected
  [90m138 |[0m       </div>
  [90m139 |[0m     </[33mRevealSection[0m>
[31m[1m>[0m [90m140 |[0m     </section>
  [90m    |[0m     [31m[1m^[0m
  [90m141 |[0m   )
  [90m142 |[0m }
  [90m143 |[0m

Parsing ecmascript source code failed

Import trace:
  Server Component:
    ./OneDrive/Desktop/portfolio/components/sections/the-future-arrives-soon-cta.tsx
    ./OneDrive/Desktop/portfolio/app/page.tsx



./OneDrive/Desktop/portfolio/components/sections/the-future-arrives-soon-cta.tsx:140:6
Unterminated regexp literal
  [90m138 |[0m       </div>
  [90m139 |[0m     </[33mRevealSection[0m>
[31m[1m>[0m [90m140 |[0m     </section>
  [90m    |[0m      [31m[1m^^^^^^^^^[0m
  [90m141 |[0m   )
  [90m142 |[0m }
  [90m143 |[0m

Parsing ecmascript source code failed

Import trace:
  Server Component:
    ./OneDrive/Desktop/portfolio/components/sections/the-future-arrives-soon-cta.tsx
    ./OneDrive/Desktop/portfolio/app/page.tsx



./OneDrive/Desktop/portfolio/app/page.tsx:10:8
the name `RevealSection` is defined multiple times
  [90m 8 |[0m [36mimport[0m [33mRevealSection[0m [36mfrom[0m [32m"@/components/ui/reveal-section"[0m;
  [90m 9 |[0m [36mimport[0m [33mSkillRadar[0m [36mfrom[0m [32m"@/components/ui/skill-radar"[0m;
[31m[1m>[0m [90m10 |[0m [36mimport[0m [33mRevealSection[0m [36mfrom[0m [32m"@/components/ui/reveal-section"[0m;
  [90m   |[0m        [31m[1m^^^^^^^^^^^^^[0m
  [90m11 |[0m
  [90m12 |[0m [36mexport[0m [36mdefault[0m [36mfunction[0m [33mHome[0m() {
  [90m13 |[0m   [36mreturn[0m (

Ecmascript file had an error


[browser] ./OneDrive/Desktop/portfolio/components/sections/the-future-arrives-soon-cta.tsx:140:5
Expression expected
  138 |       </div>
  139 |     </RevealSection>
> 140 |     </section>
      |     ^
  141 |   )
  142 | }
  143 |

Parsing ecmascript source code failed

Import trace:
  Server Component:
    ./OneDrive/Desktop/portfolio/components/sections/the-future-arrives-soon-cta.tsx
    ./OneDrive/Desktop/portfolio/app/page.tsx 
[browser] ./OneDrive/Desktop/portfolio/components/sections/the-future-arrives-soon-cta.tsx:140:6
Unterminated regexp literal
  138 |       </div>
  139 |     </RevealSection>
> 140 |     </section>
      |      ^^^^^^^^^
  141 |   )
  142 | }
  143 |

Parsing ecmascript source code failed

Import trace:
  Server Component:
    ./OneDrive/Desktop/portfolio/components/sections/the-future-arrives-soon-cta.tsx
    ./OneDrive/Desktop/portfolio/app/page.tsx 
[browser] ./OneDrive/Desktop/portfolio/app/page.tsx:10:8
the name `RevealSection` is defined multiple times
   8 | import RevealSection from "@/components/ui/reveal-section";
   9 | import SkillRadar from "@/components/ui/skill-radar";
> 10 | import RevealSection from "@/components/ui/reveal-section";
     |        ^^^^^^^^^^^^^
  11 |
  12 | export default function Home() {
  13 |   return (

Ecmascript file had an error 
[browser] ./OneDrive/Desktop/portfolio/components/sections/the-future-arrives-soon-cta.tsx:140:5
Expression expected
  138 |       </div>
  139 |     </RevealSection>
> 140 |     </section>
      |     ^
  141 |   )
  142 | }
  143 |

Parsing ecmascript source code failed

Import trace:
  Server Component:
    ./OneDrive/Desktop/portfolio/components/sections/the-future-arrives-soon-cta.tsx
    ./OneDrive/Desktop/portfolio/app/page.tsx 
[browser] ./OneDrive/Desktop/portfolio/components/sections/the-future-arrives-soon-cta.tsx:140:6
Unterminated regexp literal
  138 |       </div>
  139 |     </RevealSection>
> 140 |     </section>
      |      ^^^^^^^^^
  141 |   )
  142 | }
  143 |

Parsing ecmascript source code failed

Import trace:
  Server Component:
    ./OneDrive/Desktop/portfolio/components/sections/the-future-arrives-soon-cta.tsx
    ./OneDrive/Desktop/portfolio/app/page.tsx 
[browser] ./OneDrive/Desktop/portfolio/app/page.tsx:10:8
the name `RevealSection` is defined multiple times
   8 | import RevealSection from "@/components/ui/reveal-section";
   9 | import SkillRadar from "@/components/ui/skill-radar";
> 10 | import RevealSection from "@/components/ui/reveal-section";
     |        ^^^^^^^^^^^^^
  11 |
  12 | export default function Home() {
  13 |   return (

Ecmascript file had an error 
[browser] ./OneDrive/Desktop/portfolio/components/sections/the-future-arrives-soon-cta.tsx:140:5
Expression expected
  138 |       </div>
  139 |     </RevealSection>
> 140 |     </section>
      |     ^
  141 |   )
  142 | }
  143 |

Parsing ecmascript source code failed

Import trace:
  Server Component:
    ./OneDrive/Desktop/portfolio/components/sections/the-future-arrives-soon-cta.tsx
    ./OneDrive/Desktop/portfolio/app/page.tsx 
[browser] ./OneDrive/Desktop/portfolio/components/sections/the-future-arrives-soon-cta.tsx:140:6
Unterminated regexp literal
  138 |       </div>
  139 |     </RevealSection>
> 140 |     </section>
      |      ^^^^^^^^^
  141 |   )
  142 | }
  143 |

Parsing ecmascript source code failed

Import trace:
  Server Component:
    ./OneDrive/Desktop/portfolio/components/sections/the-future-arrives-soon-cta.tsx
    ./OneDrive/Desktop/portfolio/app/page.tsx 
[browser] ./OneDrive/Desktop/portfolio/app/page.tsx:10:8
the name `RevealSection` is defined multiple times
   8 | import RevealSection from "@/components/ui/reveal-section";
   9 | import SkillRadar from "@/components/ui/skill-radar";
> 10 | import RevealSection from "@/components/ui/reveal-section";
     |        ^^^^^^^^^^^^^
  11 |
  12 | export default function Home() {
  13 |   return (

Ecmascript file had an error 
[browser] ./OneDrive/Desktop/portfolio/components/sections/the-future-arrives-soon-cta.tsx:140:5
Expression expected
  138 |       </div>
  139 |     </RevealSection>
> 140 |     </section>
      |     ^
  141 |   )
  142 | }
  143 |

Parsing ecmascript source code failed

Import trace:
  Server Component:
    ./OneDrive/Desktop/portfolio/components/sections/the-future-arrives-soon-cta.tsx
    ./OneDrive/Desktop/portfolio/app/page.tsx 
[browser] ./OneDrive/Desktop/portfolio/components/sections/the-future-arrives-soon-cta.tsx:140:6
Unterminated regexp literal
  138 |       </div>
  139 |     </RevealSection>
> 140 |     </section>
      |      ^^^^^^^^^
  141 |   )
  142 | }
  143 |

Parsing ecmascript source code failed

Import trace:
  Server Component:
    ./OneDrive/Desktop/portfolio/components/sections/the-future-arrives-soon-cta.tsx
    ./OneDrive/Desktop/portfolio/app/page.tsx 
[browser] ./OneDrive/Desktop/portfolio/app/page.tsx:10:8
the name `RevealSection` is defined multiple times
   8 | import RevealSection from "@/components/ui/reveal-section";
   9 | import SkillRadar from "@/components/ui/skill-radar";
> 10 | import RevealSection from "@/components/ui/reveal-section";
     |        ^^^^^^^^^^^^^
  11 |
  12 | export default function Home() {
  13 |   return (

Ecmascript file had an error 
⨯ ./OneDrive/Desktop/portfolio/components/sections/the-future-arrives-soon-cta.tsx:140:5
Expression expected
  [90m138 |[0m       </div>
  [90m139 |[0m     </[33mRevealSection[0m>
[31m[1m>[0m [90m140 |[0m     </section>
  [90m    |[0m     [31m[1m^[0m
  [90m141 |[0m   )
  [90m142 |[0m }
  [90m143 |[0m

Parsing ecmascript source code failed

Import trace:
  Server Component:
    ./OneDrive/Desktop/portfolio/components/sections/the-future-arrives-soon-cta.tsx
    ./OneDrive/Desktop/portfolio/app/page.tsx



./OneDrive/Desktop/portfolio/components/sections/the-future-arrives-soon-cta.tsx:140:6
Unterminated regexp literal
  [90m138 |[0m       </div>
  [90m139 |[0m     </[33mRevealSection[0m>
[31m[1m>[0m [90m140 |[0m     </section>
  [90m    |[0m      [31m[1m^^^^^^^^^[0m
  [90m141 |[0m   )
  [90m142 |[0m }
  [90m143 |[0m

Parsing ecmascript source code failed

Import trace:
  Server Component:
    ./OneDrive/Desktop/portfolio/components/sections/the-future-arrives-soon-cta.tsx
    ./OneDrive/Desktop/portfolio/app/page.tsx



./OneDrive/Desktop/portfolio/app/page.tsx:10:8
the name `RevealSection` is defined multiple times
  [90m 8 |[0m [36mimport[0m [33mRevealSection[0m [36mfrom[0m [32m"@/components/ui/reveal-section"[0m;
  [90m 9 |[0m [36mimport[0m [33mSkillRadar[0m [36mfrom[0m [32m"@/components/ui/skill-radar"[0m;
[31m[1m>[0m [90m10 |[0m [36mimport[0m [33mRevealSection[0m [36mfrom[0m [32m"@/components/ui/reveal-section"[0m;
  [90m   |[0m        [31m[1m^^^^^^^^^^^^^[0m
  [90m11 |[0m
  [90m12 |[0m [36mexport[0m [36mdefault[0m [36mfunction[0m [33mHome[0m() {
  [90m13 |[0m   [36mreturn[0m (

Ecmascript file had an error


[browser] ./OneDrive/Desktop/portfolio/components/sections/the-future-arrives-soon-cta.tsx:140:5
Expression expected
  138 |       </div>
  139 |     </RevealSection>
> 140 |     </section>
      |     ^
  141 |   )
  142 | }
  143 |

Parsing ecmascript source code failed

Import trace:
  Server Component:
    ./OneDrive/Desktop/portfolio/components/sections/the-future-arrives-soon-cta.tsx
    ./OneDrive/Desktop/portfolio/app/page.tsx 
[browser] ./OneDrive/Desktop/portfolio/components/sections/the-future-arrives-soon-cta.tsx:140:6
Unterminated regexp literal
  138 |       </div>
  139 |     </RevealSection>
> 140 |     </section>
      |      ^^^^^^^^^
  141 |   )
  142 | }
  143 |

Parsing ecmascript source code failed

Import trace:
  Server Component:
    ./OneDrive/Desktop/portfolio/components/sections/the-future-arrives-soon-cta.tsx
    ./OneDrive/Desktop/portfolio/app/page.tsx 
[browser] ./OneDrive/Desktop/portfolio/app/page.tsx:10:8
the name `RevealSection` is defined multiple times
   8 | import RevealSection from "@/components/ui/reveal-section";
   9 | import SkillRadar from "@/components/ui/skill-radar";
> 10 | import RevealSection from "@/components/ui/reveal-section";
     |        ^^^^^^^^^^^^^
  11 |
  12 | export default function Home() {
  13 |   return (

Ecmascript file had an error 
⨯ ./OneDrive/Desktop/portfolio/components/sections/the-future-arrives-soon-cta.tsx:140:5
Expression expected
  [90m138 |[0m       </div>
  [90m139 |[0m     </[33mRevealSection[0m>
[31m[1m>[0m [90m140 |[0m     </section>
  [90m    |[0m     [31m[1m^[0m
  [90m141 |[0m   )
  [90m142 |[0m }
  [90m143 |[0m

Parsing ecmascript source code failed

Import trace:
  Server Component:
    ./OneDrive/Desktop/portfolio/components/sections/the-future-arrives-soon-cta.tsx
    ./OneDrive/Desktop/portfolio/app/page.tsx



./OneDrive/Desktop/portfolio/components/sections/the-future-arrives-soon-cta.tsx:140:6
Unterminated regexp literal
  [90m138 |[0m       </div>
  [90m139 |[0m     </[33mRevealSection[0m>
[31m[1m>[0m [90m140 |[0m     </section>
  [90m    |[0m      [31m[1m^^^^^^^^^[0m
  [90m141 |[0m   )
  [90m142 |[0m }
  [90m143 |[0m

Parsing ecmascript source code failed

Import trace:
  Server Component:
    ./OneDrive/Desktop/portfolio/components/sections/the-future-arrives-soon-cta.tsx
    ./OneDrive/Desktop/portfolio/app/page.tsx



./OneDrive/Desktop/portfolio/app/page.tsx:10:8
the name `RevealSection` is defined multiple times
  [90m 8 |[0m [36mimport[0m [33mRevealSection[0m [36mfrom[0m [32m"@/components/ui/reveal-section"[0m;
  [90m 9 |[0m [36mimport[0m [33mSkillRadar[0m [36mfrom[0m [32m"@/components/ui/skill-radar"[0m;
[31m[1m>[0m [90m10 |[0m [36mimport[0m [33mRevealSection[0m [36mfrom[0m [32m"@/components/ui/reveal-section"[0m;
  [90m   |[0m        [31m[1m^^^^^^^^^^^^^[0m
  [90m11 |[0m
  [90m12 |[0m [36mexport[0m [36mdefault[0m [36mfunction[0m [33mHome[0m() {
  [90m13 |[0m   [36mreturn[0m (

Ecmascript file had an error


⨯ ./OneDrive/Desktop/portfolio/components/sections/the-future-arrives-soon-cta.tsx:140:5
Expression expected
  [90m138 |[0m       </div>
  [90m139 |[0m     </[33mRevealSection[0m>
[31m[1m>[0m [90m140 |[0m     </section>
  [90m    |[0m     [31m[1m^[0m
  [90m141 |[0m   )
  [90m142 |[0m }
  [90m143 |[0m

Parsing ecmascript source code failed

Import trace:
  Server Component:
    ./OneDrive/Desktop/portfolio/components/sections/the-future-arrives-soon-cta.tsx
    ./OneDrive/Desktop/portfolio/app/page.tsx



./OneDrive/Desktop/portfolio/components/sections/the-future-arrives-soon-cta.tsx:140:6
Unterminated regexp literal
  [90m138 |[0m       </div>
  [90m139 |[0m     </[33mRevealSection[0m>
[31m[1m>[0m [90m140 |[0m     </section>
  [90m    |[0m      [31m[1m^^^^^^^^^[0m
  [90m141 |[0m   )
  [90m142 |[0m }
  [90m143 |[0m

Parsing ecmascript source code failed

Import trace:
  Server Component:
    ./OneDrive/Desktop/portfolio/components/sections/the-future-arrives-soon-cta.tsx
    ./OneDrive/Desktop/portfolio/app/page.tsx



./OneDrive/Desktop/portfolio/app/page.tsx:10:8
the name `RevealSection` is defined multiple times
  [90m 8 |[0m [36mimport[0m [33mRevealSection[0m [36mfrom[0m [32m"@/components/ui/reveal-section"[0m;
  [90m 9 |[0m [36mimport[0m [33mSkillRadar[0m [36mfrom[0m [32m"@/components/ui/skill-radar"[0m;
[31m[1m>[0m [90m10 |[0m [36mimport[0m [33mRevealSection[0m [36mfrom[0m [32m"@/components/ui/reveal-section"[0m;
  [90m   |[0m        [31m[1m^^^^^^^^^^^^^[0m
  [90m11 |[0m
  [90m12 |[0m [36mexport[0m [36mdefault[0m [36mfunction[0m [33mHome[0m() {
  [90m13 |[0m   [36mreturn[0m (

Ecmascript file had an error


[browser] Uncaught Error: ./OneDrive/Desktop/portfolio/components/sections/the-future-arrives-soon-cta.tsx:140:5
Expression expected
  138 |       </div>
  139 |     </RevealSection>
> 140 |     </section>
      |     ^
  141 |   )
  142 | }
  143 |

Parsing ecmascript source code failed

Import trace:
  Server Component:
    ./OneDrive/Desktop/portfolio/components/sections/the-future-arrives-soon-cta.tsx
    ./OneDrive/Desktop/portfolio/app/page.tsx


    at <unknown> (Error: ./OneDrive/Desktop/portfolio/components/sections/the-future-arrives-soon-cta.tsx:140:5)
    at <unknown> (Error: (./OneDrive/Desktop/portfolio/components/sections/the-future-arrives-soon-cta.tsx:140:5)
[browser] ./OneDrive/Desktop/portfolio/components/sections/the-future-arrives-soon-cta.tsx:140:5
Expression expected
  138 |       </div>
  139 |     </RevealSection>
> 140 |     </section>
      |     ^
  141 |   )
  142 | }
  143 |

Parsing ecmascript source code failed

Import trace:
  Server Component:
    ./OneDrive/Desktop/portfolio/components/sections/the-future-arrives-soon-cta.tsx
    ./OneDrive/Desktop/portfolio/app/page.tsx 
[browser] ./OneDrive/Desktop/portfolio/components/sections/the-future-arrives-soon-cta.tsx:140:6
Unterminated regexp literal
  138 |       </div>
  139 |     </RevealSection>
> 140 |     </section>
      |      ^^^^^^^^^
  141 |   )
  142 | }
  143 |

Parsing ecmascript source code failed

Import trace:
  Server Component:
    ./OneDrive/Desktop/portfolio/components/sections/the-future-arrives-soon-cta.tsx
    ./OneDrive/Desktop/portfolio/app/page.tsx 
[browser] ./OneDrive/Desktop/portfolio/app/page.tsx:10:8
the name `RevealSection` is defined multiple times
   8 | import RevealSection from "@/components/ui/reveal-section";
   9 | import SkillRadar from "@/components/ui/skill-radar";
> 10 | import RevealSection from "@/components/ui/reveal-section";
     |        ^^^^^^^^^^^^^
  11 |
  12 | export default function Home() {
  13 |   return (

Ecmascript file had an error 
[browser] ./OneDrive/Desktop/portfolio/components/sections/the-future-arrives-soon-cta.tsx:140:5
Expression expected
  138 |       </div>
  139 |     </RevealSection>
> 140 |     </section>
      |     ^
  141 |   )
  142 | }
  143 |

Parsing ecmascript source code failed

Import trace:
  Server Component:
    ./OneDrive/Desktop/portfolio/components/sections/the-future-arrives-soon-cta.tsx
    ./OneDrive/Desktop/portfolio/app/page.tsx 
[browser] ./OneDrive/Desktop/portfolio/components/sections/the-future-arrives-soon-cta.tsx:140:6
Unterminated regexp literal
  138 |       </div>
  139 |     </RevealSection>
> 140 |     </section>
      |      ^^^^^^^^^
  141 |   )
  142 | }
  143 |

Parsing ecmascript source code failed

Import trace:
  Server Component:
    ./OneDrive/Desktop/portfolio/components/sections/the-future-arrives-soon-cta.tsx
    ./OneDrive/Desktop/portfolio/app/page.tsx 
[browser] ./OneDrive/Desktop/portfolio/app/page.tsx:10:8
the name `RevealSection` is defined multiple times
   8 | import RevealSection from "@/components/ui/reveal-section";
   9 | import SkillRadar from "@/components/ui/skill-radar";
> 10 | import RevealSection from "@/components/ui/reveal-section";
     |        ^^^^^^^^^^^^^
  11 |
  12 | export default function Home() {
  13 |   return (

Ecmascript file had an error 
[browser] ./OneDrive/Desktop/portfolio/components/sections/the-future-arrives-soon-cta.tsx:140:5
Expression expected
  138 |       </div>
  139 |     </RevealSection>
> 140 |     </section>
      |     ^
  141 |   )
  142 | }
  143 |

Parsing ecmascript source code failed

Import trace:
  Server Component:
    ./OneDrive/Desktop/portfolio/components/sections/the-future-arrives-soon-cta.tsx
    ./OneDrive/Desktop/portfolio/app/page.tsx 
[browser] ./OneDrive/Desktop/portfolio/components/sections/the-future-arrives-soon-cta.tsx:140:6
Unterminated regexp literal
  138 |       </div>
  139 |     </RevealSection>
> 140 |     </section>
      |      ^^^^^^^^^
  141 |   )
  142 | }
  143 |

Parsing ecmascript source code failed

Import trace:
  Server Component:
    ./OneDrive/Desktop/portfolio/components/sections/the-future-arrives-soon-cta.tsx
    ./OneDrive/Desktop/portfolio/app/page.tsx 
[browser] ./OneDrive/Desktop/portfolio/app/page.tsx:10:8
the name `RevealSection` is defined multiple times
   8 | import RevealSection from "@/components/ui/reveal-section";
   9 | import SkillRadar from "@/components/ui/skill-radar";
> 10 | import RevealSection from "@/components/ui/reveal-section";
     |        ^^^^^^^^^^^^^
  11 |
  12 | export default function Home() {
  13 |   return (

Ecmascript file had an error 
⨯ ./OneDrive/Desktop/portfolio/components/sections/the-future-arrives-soon-cta.tsx:138:13
Expected '</', got 'jsx text'
  [90m136 |[0m           </motion.div>
  [90m137 |[0m         </motion.div>
[31m[1m>[0m [90m138 |[0m       </div>
  [90m    |[0m             [31m[1m^^^^^^^^^^^^^^^^^^^^^^^^^^^^^^^^^^^^^^^^^^^^^^^^^^^^^^^^^^^^^^^^^^^^^^^^^^^^^^^^[0m
[31m[1m>[0m [90m139 |[0m     </[33mRevealSection[0m>
  [90m    |[0m [31m[1m^^^^[0m
  [90m140 |[0m     </section>
  [90m141 |[0m   )
  [90m142 |[0m }

Parsing ecmascript source code failed

Import trace:
  Server Component:
    ./OneDrive/Desktop/portfolio/components/sections/the-future-arrives-soon-cta.tsx
    ./OneDrive/Desktop/portfolio/app/page.tsx



./OneDrive/Desktop/portfolio/app/page.tsx:10:8
the name `RevealSection` is defined multiple times
  [90m 8 |[0m [36mimport[0m [33mRevealSection[0m [36mfrom[0m [32m"@/components/ui/reveal-section"[0m;
  [90m 9 |[0m [36mimport[0m [33mSkillRadar[0m [36mfrom[0m [32m"@/components/ui/skill-radar"[0m;
[31m[1m>[0m [90m10 |[0m [36mimport[0m [33mRevealSection[0m [36mfrom[0m [32m"@/components/ui/reveal-section"[0m;
  [90m   |[0m        [31m[1m^^^^^^^^^^^^^[0m
  [90m11 |[0m
  [90m12 |[0m [36mexport[0m [36mdefault[0m [36mfunction[0m [33mHome[0m() {
  [90m13 |[0m   [36mreturn[0m (

Ecmascript file had an error


[browser] Uncaught Error: ./OneDrive/Desktop/portfolio/components/sections/the-future-arrives-soon-cta.tsx:138:13
Expected '</', got 'jsx text'
  136 |           </motion.div>
  137 |         </motion.div>
> 138 |       </div>
      |             ^^^^^^^^^^^^^^^^^^^^^^^^^^^^^^^^^^^^^^^^^^^^^^^^^^^^^^^^^^^^^^^^^^^^^^^^^^^^^^^^
> 139 |     </RevealSection>
      | ^^^^
  140 |     </section>
  141 |   )
  142 | }

Parsing ecmascript source code failed

Import trace:
  Server Component:
    ./OneDrive/Desktop/portfolio/components/sections/the-future-arrives-soon-cta.tsx
    ./OneDrive/Desktop/portfolio/app/page.tsx


    at <unknown> (Error: ./OneDrive/Desktop/portfolio/components/sections/the-future-arrives-soon-cta.tsx:138:13)
    at <unknown> (Error: (./OneDrive/Desktop/portfolio/components/sections/the-future-arrives-soon-cta.tsx:138:13)
[browser] ./OneDrive/Desktop/portfolio/components/sections/the-future-arrives-soon-cta.tsx:138:13
Expected '</', got 'jsx text'
  136 |           </motion.div>
  137 |         </motion.div>
> 138 |       </div>
      |             ^^^^^^^^^^^^^^^^^^^^^^^^^^^^^^^^^^^^^^^^^^^^^^^^^^^^^^^^^^^^^^^^^^^^^^^^^^^^^^^^
> 139 |     </RevealSection>
      | ^^^^
  140 |     </section>
  141 |   )
  142 | }

Parsing ecmascript source code failed

Import trace:
  Server Component:
    ./OneDrive/Desktop/portfolio/components/sections/the-future-arrives-soon-cta.tsx
    ./OneDrive/Desktop/portfolio/app/page.tsx 
[browser] ./OneDrive/Desktop/portfolio/app/page.tsx:10:8
the name `RevealSection` is defined multiple times
   8 | import RevealSection from "@/components/ui/reveal-section";
   9 | import SkillRadar from "@/components/ui/skill-radar";
> 10 | import RevealSection from "@/components/ui/reveal-section";
     |        ^^^^^^^^^^^^^
  11 |
  12 | export default function Home() {
  13 |   return (

Ecmascript file had an error 
[browser] ./OneDrive/Desktop/portfolio/components/sections/the-future-arrives-soon-cta.tsx:138:13
Expected '</', got 'jsx text'
  136 |           </motion.div>
  137 |         </motion.div>
> 138 |       </div>
      |             ^^^^^^^^^^^^^^^^^^^^^^^^^^^^^^^^^^^^^^^^^^^^^^^^^^^^^^^^^^^^^^^^^^^^^^^^^^^^^^^^
> 139 |     </RevealSection>
      | ^^^^
  140 |     </section>
  141 |   )
  142 | }

Parsing ecmascript source code failed

Import trace:
  Server Component:
    ./OneDrive/Desktop/portfolio/components/sections/the-future-arrives-soon-cta.tsx
    ./OneDrive/Desktop/portfolio/app/page.tsx 
[browser] ./OneDrive/Desktop/portfolio/app/page.tsx:10:8
the name `RevealSection` is defined multiple times
   8 | import RevealSection from "@/components/ui/reveal-section";
   9 | import SkillRadar from "@/components/ui/skill-radar";
> 10 | import RevealSection from "@/components/ui/reveal-section";
     |        ^^^^^^^^^^^^^
  11 |
  12 | export default function Home() {
  13 |   return (

Ecmascript file had an error 
[browser] ./OneDrive/Desktop/portfolio/components/sections/the-future-arrives-soon-cta.tsx:138:13
Expected '</', got 'jsx text'
  136 |           </motion.div>
  137 |         </motion.div>
> 138 |       </div>
      |             ^^^^^^^^^^^^^^^^^^^^^^^^^^^^^^^^^^^^^^^^^^^^^^^^^^^^^^^^^^^^^^^^^^^^^^^^^^^^^^^^
> 139 |     </RevealSection>
      | ^^^^
  140 |     </section>
  141 |   )
  142 | }

Parsing ecmascript source code failed

Import trace:
  Server Component:
    ./OneDrive/Desktop/portfolio/components/sections/the-future-arrives-soon-cta.tsx
    ./OneDrive/Desktop/portfolio/app/page.tsx 
[browser] ./OneDrive/Desktop/portfolio/app/page.tsx:10:8
the name `RevealSection` is defined multiple times
   8 | import RevealSection from "@/components/ui/reveal-section";
   9 | import SkillRadar from "@/components/ui/skill-radar";
> 10 | import RevealSection from "@/components/ui/reveal-section";
     |        ^^^^^^^^^^^^^
  11 |
  12 | export default function Home() {
  13 |   return (

Ecmascript file had an error 
[browser] ./OneDrive/Desktop/portfolio/components/sections/the-future-arrives-soon-cta.tsx:138:13
Expected '</', got 'jsx text'
  136 |           </motion.div>
  137 |         </motion.div>
> 138 |       </div>
      |             ^^^^^^^^^^^^^^^^^^^^^^^^^^^^^^^^^^^^^^^^^^^^^^^^^^^^^^^^^^^^^^^^^^^^^^^^^^^^^^^^
> 139 |     </RevealSection>
      | ^^^^
  140 |   </section>
  141 |   )
  142 | }

Parsing ecmascript source code failed

Import trace:
  Server Component:
    ./OneDrive/Desktop/portfolio/components/sections/the-future-arrives-soon-cta.tsx
    ./OneDrive/Desktop/portfolio/app/page.tsx 
[browser] ./OneDrive/Desktop/portfolio/app/page.tsx:10:8
the name `RevealSection` is defined multiple times
   8 | import RevealSection from "@/components/ui/reveal-section";
   9 | import SkillRadar from "@/components/ui/skill-radar";
> 10 | import RevealSection from "@/components/ui/reveal-section";
     |        ^^^^^^^^^^^^^
  11 |
  12 | export default function Home() {
  13 |   return (

Ecmascript file had an error 
[browser] ./OneDrive/Desktop/portfolio/components/sections/the-future-arrives-soon-cta.tsx:138:13
Expected '</', got 'jsx text'
  136 |           </motion.div>
  137 |         </motion.div>
> 138 |       </div>
      |             ^^^^^^^^^^^^^^^^^^^^^^^^^^^^^^^^^^^^^^^^^^^^^^^^^^^^^^^^^^^^^^^^^^^^^^^^^^^^^^^^
> 139 |     </RevealSection>
      | ^^^^
  140 |   </section>
  141 |   )
  142 | }

Parsing ecmascript source code failed

Import trace:
  Server Component:
    ./OneDrive/Desktop/portfolio/components/sections/the-future-arrives-soon-cta.tsx
    ./OneDrive/Desktop/portfolio/app/page.tsx 
[browser] ./OneDrive/Desktop/portfolio/app/page.tsx:10:8
the name `RevealSection` is defined multiple times
   8 | import RevealSection from "@/components/ui/reveal-section";
   9 | import SkillRadar from "@/components/ui/skill-radar";
> 10 | import RevealSection from "@/components/ui/reveal-section";
     |        ^^^^^^^^^^^^^
  11 |
  12 | export default function Home() {
  13 |   return (

Ecmascript file had an error 
[browser] ./OneDrive/Desktop/portfolio/components/sections/the-future-arrives-soon-cta.tsx:138:13
Expected '</', got 'jsx text'
  136 |           </motion.div>
  137 |         </motion.div>
> 138 |       </div>
      |             ^^^^^^^^^^^^^^^^^^^^^^^^^^^^^^^^^^^^^^^^^^^^^^^^^^^^^^^^^^^^^^^^^^^^^^^^^^^^^^^^
> 139 |     </RevealSection>
      | ^^^^
  140 |   </section>
  141 |   )
  142 | }

Parsing ecmascript source code failed

Import trace:
  Server Component:
    ./OneDrive/Desktop/portfolio/components/sections/the-future-arrives-soon-cta.tsx
    ./OneDrive/Desktop/portfolio/app/page.tsx 
[browser] ./OneDrive/Desktop/portfolio/app/page.tsx:10:8
the name `RevealSection` is defined multiple times
   8 | import RevealSection from "@/components/ui/reveal-section";
   9 | import SkillRadar from "@/components/ui/skill-radar";
> 10 | import RevealSection from "@/components/ui/reveal-section";
     |        ^^^^^^^^^^^^^
  11 |
  12 | export default function Home() {
  13 |   return (

Ecmascript file had an error 
[browser] ./OneDrive/Desktop/portfolio/app/page.tsx:10:8
the name `RevealSection` is defined multiple times
   8 | import RevealSection from "@/components/ui/reveal-section";
   9 | import SkillRadar from "@/components/ui/skill-radar";
> 10 | import RevealSection from "@/components/ui/reveal-section";
     |        ^^^^^^^^^^^^^
  11 |
  12 | export default function Home() {
  13 |   return (

Ecmascript file had an error 
⨯ ./OneDrive/Desktop/portfolio/app/page.tsx:10:8
the name `RevealSection` is defined multiple times
  [90m 8 |[0m [36mimport[0m [33mRevealSection[0m [36mfrom[0m [32m"@/components/ui/reveal-section"[0m;
  [90m 9 |[0m [36mimport[0m [33mSkillRadar[0m [36mfrom[0m [32m"@/components/ui/skill-radar"[0m;
[31m[1m>[0m [90m10 |[0m [36mimport[0m [33mRevealSection[0m [36mfrom[0m [32m"@/components/ui/reveal-section"[0m;
  [90m   |[0m        [31m[1m^^^^^^^^^^^^^[0m
  [90m11 |[0m
  [90m12 |[0m [36mexport[0m [36mdefault[0m [36mfunction[0m [33mHome[0m() {
  [90m13 |[0m   [36mreturn[0m (

Ecmascript file had an error


[browser] Uncaught Error: ./OneDrive/Desktop/portfolio/app/page.tsx:10:8
the name `RevealSection` is defined multiple times
   8 | import RevealSection from "@/components/ui/reveal-section";
   9 | import SkillRadar from "@/components/ui/skill-radar";
> 10 | import RevealSection from "@/components/ui/reveal-section";
     |        ^^^^^^^^^^^^^
  11 |
  12 | export default function Home() {
  13 |   return (

Ecmascript file had an error


    at <unknown> (Error: ./OneDrive/Desktop/portfolio/app/page.tsx:10:8)
    at <unknown> (Error: (./OneDrive/Desktop/portfolio/app/page.tsx:10:8)
[browser] ./OneDrive/Desktop/portfolio/app/page.tsx:10:8
the name `RevealSection` is defined multiple times
   8 | import RevealSection from "@/components/ui/reveal-section";
   9 | import SkillRadar from "@/components/ui/skill-radar";
> 10 | import RevealSection from "@/components/ui/reveal-section";
     |        ^^^^^^^^^^^^^
  11 |
  12 | export default function Home() {
  13 |   return (

Ecmascript file had an error 
[browser] ./OneDrive/Desktop/portfolio/app/page.tsx:10:8
the name `RevealSection` is defined multiple times
   8 | import RevealSection from "@/components/ui/reveal-section";
   9 | import SkillRadar from "@/components/ui/skill-radar";
> 10 | import RevealSection from "@/components/ui/reveal-section";
     |        ^^^^^^^^^^^^^
  11 |
  12 | export default function Home() {
  13 |   return (

Ecmascript file had an error 
[browser] ./OneDrive/Desktop/portfolio/app/page.tsx:10:8
the name `RevealSection` is defined multiple times
   8 | import RevealSection from "@/components/ui/reveal-section";
   9 | import SkillRadar from "@/components/ui/skill-radar";
> 10 | import RevealSection from "@/components/ui/reveal-section";
     |        ^^^^^^^^^^^^^
  11 |
  12 | export default function Home() {
  13 |   return (

Ecmascript file had an error 
[browser] ./OneDrive/Desktop/portfolio/app/page.tsx:10:8
the name `RevealSection` is defined multiple times
   8 | import RevealSection from "@/components/ui/reveal-section";
   9 | import SkillRadar from "@/components/ui/skill-radar";
> 10 | import RevealSection from "@/components/ui/reveal-section";
     |        ^^^^^^^^^^^^^
  11 |
  12 | export default function Home() {
  13 |   return (

Ecmascript file had an error 
[browser] ./OneDrive/Desktop/portfolio/app/page.tsx:10:8
the name `RevealSection` is defined multiple times
   8 | import RevealSection from "@/components/ui/reveal-section";
   9 | import SkillRadar from "@/components/ui/skill-radar";
> 10 | import RevealSection from "@/components/ui/reveal-section";
     |        ^^^^^^^^^^^^^
  11 |
  12 | export default function Home() {
  13 |   return (

Ecmascript file had an error 
[browser] ./OneDrive/Desktop/portfolio/app/page.tsx:10:8
the name `RevealSection` is defined multiple times
   8 | import RevealSection from "@/components/ui/reveal-section";
   9 | import SkillRadar from "@/components/ui/skill-radar";
> 10 | import RevealSection from "@/components/ui/reveal-section";
     |        ^^^^^^^^^^^^^
  11 |
  12 | export default function Home() {
  13 |   return (

Ecmascript file had an error 
⨯ ./OneDrive/Desktop/portfolio/app/page.tsx:10:8
the name `RevealSection` is defined multiple times
  [90m 8 |[0m [36mimport[0m [33mRevealSection[0m [36mfrom[0m [32m"@/components/ui/reveal-section"[0m;
  [90m 9 |[0m [36mimport[0m [33mSkillRadar[0m [36mfrom[0m [32m"@/components/ui/skill-radar"[0m;
[31m[1m>[0m [90m10 |[0m [36mimport[0m [33mRevealSection[0m [36mfrom[0m [32m"@/components/ui/reveal-section"[0m;
  [90m   |[0m        [31m[1m^^^^^^^^^^^^^[0m
  [90m11 |[0m
  [90m12 |[0m [36mexport[0m [36mdefault[0m [36mfunction[0m [33mHome[0m() {
  [90m13 |[0m   [36mreturn[0m (

Ecmascript file had an error


[browser] Uncaught Error: ./OneDrive/Desktop/portfolio/app/page.tsx:10:8
the name `RevealSection` is defined multiple times
   8 | import RevealSection from "@/components/ui/reveal-section";
   9 | import SkillRadar from "@/components/ui/skill-radar";
> 10 | import RevealSection from "@/components/ui/reveal-section";
     |        ^^^^^^^^^^^^^
  11 |
  12 | export default function Home() {
  13 |   return (

Ecmascript file had an error


    at <unknown> (Error: ./OneDrive/Desktop/portfolio/app/page.tsx:10:8)
    at <unknown> (Error: (./OneDrive/Desktop/portfolio/app/page.tsx:10:8)
[browser] ./OneDrive/Desktop/portfolio/app/page.tsx:10:8
the name `RevealSection` is defined multiple times
   8 | import RevealSection from "@/components/ui/reveal-section";
   9 | import SkillRadar from "@/components/ui/skill-radar";
> 10 | import RevealSection from "@/components/ui/reveal-section";
     |        ^^^^^^^^^^^^^
  11 |
  12 | export default function Home() {
  13 |   return (

Ecmascript file had an error 
[browser] ./OneDrive/Desktop/portfolio/app/page.tsx:10:8
the name `RevealSection` is defined multiple times
   8 | import RevealSection from "@/components/ui/reveal-section";
   9 | import SkillRadar from "@/components/ui/skill-radar";
> 10 | import RevealSection from "@/components/ui/reveal-section";
     |        ^^^^^^^^^^^^^
  11 |
  12 | export default function Home() {
  13 |   return (

Ecmascript file had an error 
[browser] ./OneDrive/Desktop/portfolio/app/page.tsx:10:8
the name `RevealSection` is defined multiple times
   8 | import RevealSection from "@/components/ui/reveal-section";
   9 | import SkillRadar from "@/components/ui/skill-radar";
> 10 | import RevealSection from "@/components/ui/reveal-section";
     |        ^^^^^^^^^^^^^
  11 |
  12 | export default function Home() {
  13 |   return (

Ecmascript file had an error 
